.\.venv\Scripts\pyinstaller.exe : 113 INFO: PyInstaller: 6.18.0, contrib hooks: 2026.0
At line:1 char:48
+ ... _rewrite" ; .\.venv\Scripts\pyinstaller.exe --onefile --windowed --na ...
+                 ~~~~~~~~~~~~~~~~~~~~~~~~~~~~~~~~~~~~~~~~~~~~~~~~~~~~~~~~~
    + CategoryInfo          : NotSpecified: (113 INFO: PyIns...b hooks: 2026.0:String) [], RemoteException
    + FullyQualifiedErrorId : NativeCommandError
 
113 INFO: Python: 3.10.6
121 INFO: Platform: Windows-10-10.0.19045-SP0
121 INFO: Python environment: C:\laragon\www\tool scoopz\tool_rewrite\.venv
122 INFO: wrote .\ScoopzTool.spec
133 INFO: Module search paths (PYTHONPATH):
['C:\\laragon\\www\\tool scoopz\\tool_rewrite\\.venv\\Scripts\\pyinstaller.exe',
 'C:\\laragon\\bin\\python\\python-3.10\\python310.zip',
 'C:\\laragon\\bin\\python\\python-3.10\\DLLs',
 'C:\\laragon\\bin\\python\\python-3.10\\lib',
 'C:\\laragon\\bin\\python\\python-3.10',
 'C:\\laragon\\www\\tool scoopz\\tool_rewrite\\.venv',
 'C:\\laragon\\www\\tool scoopz\\tool_rewrite\\.venv\\lib\\site-packages',
 'C:\\laragon\\www\\tool '
 'scoopz\\tool_rewrite\\.venv\\lib\\site-packages\\win32',
 'C:\\laragon\\www\\tool '
 'scoopz\\tool_rewrite\\.venv\\lib\\site-packages\\win32\\lib',
 'C:\\laragon\\www\\tool '
 'scoopz\\tool_rewrite\\.venv\\lib\\site-packages\\Pythonwin',
 'C:\\laragon\\www\\tool scoopz\\tool_rewrite']
574 INFO: checking Analysis
574 INFO: Building Analysis because Analysis-00.toc is non existent
574 INFO: Looking for Python shared library...
574 INFO: Using Python shared library: C:\laragon\bin\python\python-3.10\python310.dll
574 INFO: Running Analysis Analysis-00.toc
574 INFO: Target bytecode optimization level: 0
574 INFO: Initializing module dependency graph...
577 INFO: Initializing module graph hook caches...
604 INFO: Analyzing modules for base_library.zip ...
1123 INFO: Processing standard module hook 'hook-heapq.py' from 'C:\\laragon\\www\\tool 
scoopz\\tool_rewrite\\.venv\\lib\\site-packages\\PyInstaller\\hooks'
1247 INFO: Processing standard module hook 'hook-encodings.py' from 'C:\\laragon\\www\\tool 
scoopz\\tool_rewrite\\.venv\\lib\\site-packages\\PyInstaller\\hooks'
2264 INFO: Processing standard module hook 'hook-pickle.py' from 'C:\\laragon\\www\\tool 
scoopz\\tool_rewrite\\.venv\\lib\\site-packages\\PyInstaller\\hooks'
3845 INFO: Caching module dependency graph...
3916 INFO: Analyzing C:\laragon\www\tool scoopz\tool_rewrite\gui_app.py
4119 INFO: Processing standard module hook 'hook-multiprocessing.util.py' from 'C:\\laragon\\www\\tool 
scoopz\\tool_rewrite\\.venv\\lib\\site-packages\\PyInstaller\\hooks'
4229 INFO: Processing standard module hook 'hook-xml.py' from 'C:\\laragon\\www\\tool 
scoopz\\tool_rewrite\\.venv\\lib\\site-packages\\PyInstaller\\hooks'
4527 INFO: Processing standard module hook 'hook-_ctypes.py' from 'C:\\laragon\\www\\tool 
scoopz\\tool_rewrite\\.venv\\lib\\site-packages\\PyInstaller\\hooks'
4544 INFO: Processing pre-find-module-path hook 'hook-tkinter.py' from 'C:\\laragon\\www\\tool 
scoopz\\tool_rewrite\\.venv\\lib\\site-packages\\PyInstaller\\hooks\\pre_find_module_path'
4546 INFO: TclTkInfo: initializing cached Tcl/Tk info...
4898 INFO: Processing standard module hook 'hook-_tkinter.py' from 'C:\\laragon\\www\\tool 
scoopz\\tool_rewrite\\.venv\\lib\\site-packages\\PyInstaller\\hooks'
4961 INFO: Processing standard module hook 'hook-urllib3.py' from 'C:\\laragon\\www\\tool 
scoopz\\tool_rewrite\\.venv\\lib\\site-packages\\_pyinstaller_hooks_contrib\\stdhooks'
5035 INFO: Processing pre-safe-import-module hook 'hook-backports.py' from 'C:\\laragon\\www\\tool 
scoopz\\tool_rewrite\\.venv\\lib\\site-packages\\PyInstaller\\hooks\\pre_safe_import_module'
5040 INFO: SetuptoolsInfo: initializing cached setuptools info...
5686 INFO: Processing pre-safe-import-module hook 'hook-typing_extensions.py' from 'C:\\laragon\\www\\tool 
scoopz\\tool_rewrite\\.venv\\lib\\site-packages\\PyInstaller\\hooks\\pre_safe_import_module'
6616 INFO: Processing standard module hook 'hook-charset_normalizer.py' from 'C:\\laragon\\www\\tool 
scoopz\\tool_rewrite\\.venv\\lib\\site-packages\\_pyinstaller_hooks_contrib\\stdhooks'
6743 INFO: Processing standard module hook 'hook-certifi.py' from 'C:\\laragon\\www\\tool 
scoopz\\tool_rewrite\\.venv\\lib\\site-packages\\_pyinstaller_hooks_contrib\\stdhooks'
6870 INFO: Processing standard module hook 'hook-selenium.py' from 'C:\\laragon\\www\\tool 
scoopz\\tool_rewrite\\.venv\\lib\\site-packages\\_pyinstaller_hooks_contrib\\stdhooks'
7181 INFO: Processing standard module hook 'hook-platform.py' from 'C:\\laragon\\www\\tool 
scoopz\\tool_rewrite\\.venv\\lib\\site-packages\\PyInstaller\\hooks'
7198 INFO: Processing standard module hook 'hook-sysconfig.py' from 'C:\\laragon\\www\\tool 
scoopz\\tool_rewrite\\.venv\\lib\\site-packages\\PyInstaller\\hooks'
7482 INFO: Processing standard module hook 'hook-xml.dom.domreg.py' from 'C:\\laragon\\www\\tool 
scoopz\\tool_rewrite\\.venv\\lib\\site-packages\\PyInstaller\\hooks'
8037 INFO: Processing standard module hook 'hook-pythoncom.py' from 'C:\\laragon\\www\\tool 
scoopz\\tool_rewrite\\.venv\\lib\\site-packages\\_pyinstaller_hooks_contrib\\stdhooks'
8111 INFO: Processing standard module hook 'hook-pywintypes.py' from 'C:\\laragon\\www\\tool 
scoopz\\tool_rewrite\\.venv\\lib\\site-packages\\_pyinstaller_hooks_contrib\\stdhooks'
8270 INFO: Processing standard module hook 'hook-comtypes.client.py' from 'C:\\laragon\\www\\tool 
scoopz\\tool_rewrite\\.venv\\lib\\site-packages\\_pyinstaller_hooks_contrib\\stdhooks'
8861 INFO: Processing standard module hook 'hook-difflib.py' from 'C:\\laragon\\www\\tool 
scoopz\\tool_rewrite\\.venv\\lib\\site-packages\\PyInstaller\\hooks'
9102 INFO: Processing standard module hook 'hook-xml.etree.cElementTree.py' from 'C:\\laragon\\www\\tool 
scoopz\\tool_rewrite\\.venv\\lib\\site-packages\\PyInstaller\\hooks'
9276 INFO: Processing pre-safe-import-module hook 'hook-win32com.py' from 'C:\\laragon\\www\\tool 
scoopz\\tool_rewrite\\.venv\\lib\\site-packages\\_pyinstaller_hooks_contrib\\pre_safe_import_module'
9418 INFO: Processing standard module hook 'hook-win32com.py' from 'C:\\laragon\\www\\tool 
scoopz\\tool_rewrite\\.venv\\lib\\site-packages\\_pyinstaller_hooks_contrib\\stdhooks'
9699 INFO: Processing standard module hook 'hook-yt_dlp.py' from 'C:\\laragon\\www\\tool 
scoopz\\tool_rewrite\\.venv\\lib\\site-packages\\yt_dlp\\__pyinstaller'
107 WARNING: Failed to collect submodules for 'urllib3.contrib.emscripten' because importing 'urllib3.contrib.emscripten' raised: 
ModuleNotFoundError: No module named 'js'
10313 WARNING: collect_data_files - skipping data collection for module 'curl_cffi' as it is not a package.
10313 WARNING: collect_data_files - skipping data collection for module 'yt_dlp_ejs' as it is not a package.
10529 INFO: Processing standard module hook 'hook-sqlite3.py' from 'C:\\laragon\\www\\tool 
scoopz\\tool_rewrite\\.venv\\lib\\site-packages\\PyInstaller\\hooks'
16198 INFO: Processing standard module hook 'hook-openpyxl.py' from 'C:\\laragon\\www\\tool 
scoopz\\tool_rewrite\\.venv\\lib\\site-packages\\_pyinstaller_hooks_contrib\\stdhooks'
16916 INFO: Processing module hooks (post-graph stage)...
17051 INFO: Processing standard module hook 'hook-_tkinter.py' from 'C:\\laragon\\www\\tool 
scoopz\\tool_rewrite\\.venv\\lib\\site-packages\\PyInstaller\\hooks'
17073 INFO: Performing binary vs. data reclassification (939 entries)
17145 INFO: Looking for ctypes DLLs
17233 INFO: Analyzing run-time hooks ...
17241 INFO: Including run-time hook 'pyi_rth_inspect.py' from 'C:\\laragon\\www\\tool 
scoopz\\tool_rewrite\\.venv\\lib\\site-packages\\PyInstaller\\hooks\\rthooks'
17244 INFO: Including run-time hook 'pyi_rth_pkgutil.py' from 'C:\\laragon\\www\\tool 
scoopz\\tool_rewrite\\.venv\\lib\\site-packages\\PyInstaller\\hooks\\rthooks'
17246 INFO: Including run-time hook 'pyi_rth_pywintypes.py' from 'C:\\laragon\\www\\tool 
scoopz\\tool_rewrite\\.venv\\lib\\site-packages\\_pyinstaller_hooks_contrib\\rthooks'
17246 INFO: Including run-time hook 'pyi_rth_pythoncom.py' from 'C:\\laragon\\www\\tool 
scoopz\\tool_rewrite\\.venv\\lib\\site-packages\\_pyinstaller_hooks_contrib\\rthooks'
17247 INFO: Including run-time hook 'pyi_rth_multiprocessing.py' from 'C:\\laragon\\www\\tool 
scoopz\\tool_rewrite\\.venv\\lib\\site-packages\\PyInstaller\\hooks\\rthooks'
17248 INFO: Including run-time hook 'pyi_rth__tkinter.py' from 'C:\\laragon\\www\\tool 
scoopz\\tool_rewrite\\.venv\\lib\\site-packages\\PyInstaller\\hooks\\rthooks'
17289 INFO: Creating base_library.zip...
17309 INFO: Looking for dynamic libraries
C:\laragon\www\tool scoopz\tool_rewrite\.venv\lib\site-packages\pywinauto\__init__.py:80: UserWarning: Revert to STA COM threading mode
  warnings.warn("Revert to STA COM threading mode", UserWarning)
18063 INFO: Extra DLL search directories (AddDllDirectory): []
18063 INFO: Extra DLL search directories (PATH): []
18491 INFO: Warnings written to C:\laragon\www\tool scoopz\tool_rewrite\build\ScoopzTool\warn-ScoopzTool.txt
18635 INFO: Graph cross-reference written to C:\laragon\www\tool scoopz\tool_rewrite\build\ScoopzTool\xref-ScoopzTool.html
18699 INFO: checking PYZ
18699 INFO: Building PYZ because PYZ-00.toc is non existent
18699 INFO: Building PYZ (ZlibArchive) C:\laragon\www\tool scoopz\tool_rewrite\build\ScoopzTool\PYZ-00.pyz
19416 INFO: Building PYZ (ZlibArchive) C:\laragon\www\tool scoopz\tool_rewrite\build\ScoopzTool\PYZ-00.pyz completed successfully.
19466 INFO: checking PKG
19467 INFO: Building PKG because PKG-00.toc is non existent
19467 INFO: Building PKG (CArchive) ScoopzTool.pkg
24591 INFO: Building PKG (CArchive) ScoopzTool.pkg completed successfully.
24606 INFO: Bootloader C:\laragon\www\tool scoopz\tool_rewrite\.venv\lib\site-packages\PyInstaller\bootloader\Windows-64bit-intel\runw.exe
24606 INFO: checking EXE
24606 INFO: Building EXE because EXE-00.toc is non existent
24606 INFO: Building EXE from EXE-00.toc
24607 INFO: Copying bootloader EXE to C:\laragon\www\tool scoopz\tool_rewrite\dist\ScoopzTool.exe
24705 INFO: Copying icon to EXE
24757 INFO: Copying 0 resources to EXE
24758 INFO: Embedding manifest in EXE
24802 INFO: Appending PKG archive to EXE
24890 INFO: Fixing EXE headers
25209 INFO: Building EXE from EXE-00.toc completed successfully.
25225 INFO: Build complete! The results are available in: C:\laragon\www\tool scoopz\tool_rewrite\dist
Adding imports: ['yt_dlp.compat._legacy', 'yt_dlp.compat._deprecated', 'yt_dlp.utils._legacy', 'yt_dlp.utils._deprecated', 'Cryptodome', 'requests', 'requests.__version__', 'requests._internal_utils', 'requests.adapters', 'requests.api', 'requests.auth', 'requests.certs', 'requests.compat', 'requests.cookies', 'requests.exceptions', 'requests.help', 'requests.hooks', 'requests.models', 'requests.packages', 'requests.sessions', 'requests.status_codes', 'requests.structures', 'requests.utils', 'urllib3', 'urllib3._base_connection', 'urllib3._collections', 'urllib3._request_methods', 'urllib3._version', 'urllib3.connection', 'urllib3.connectionpool', 'urllib3.contrib', 'urllib3.contrib.pyopenssl', 'urllib3.contrib.socks', 'urllib3.exceptions', 'urllib3.fields', 'urllib3.filepost', 'urllib3.http2', 'urllib3.http2.connection', 'urllib3.http2.probe', 'urllib3.poolmanager', 'urllib3.response', 'urllib3.util', 'urllib3.util.connection', 'urllib3.util.proxy', 'urllib3.util.request', 'urllib3.util.response', 'urllib3.util.retry', 'urllib3.util.ssl_', 'urllib3.util.ssl_match_hostname', 'urllib3.util.ssltransport', 'urllib3.util.timeout', 'urllib3.util.url', 'urllib3.util.util', 'urllib3.util.wait', 'mutagen', 'brotli', 'certifi', 'secretstorage', 'curl_cffi']
